item,sku,price,pack_size,source,adjusted_qty
Pan fresco,123,100.0,1,preferred,1.0
Leche entera,456,200.0,1,preferred,2.0
