name,sku,price,promo_price,pack_size
Pan fresco La An√≥nima,123,120.0,100.0,1.0
Leche entera,456,200.0,,1.0
